05-30 18:34:02.217   532  1214 W ActivityManager: Invalid packageName: com.android.todolist
05-30 18:34:03.090  4537  4537 E studio.deploy: Could not get package user id: run-as: unknown package: com.android.todolist
05-30 18:34:03.116  4537  4537 E studio.deploy: Could not find apks for this package: com.android.todolist
05-30 18:34:03.258  4537  4537 E studio.deploy: Could not get package user id: run-as: unknown package: com.android.todolist
05-30 18:34:03.280  4537  4537 E studio.deploy: Could not find apks for this package: com.android.todolist
05-30 18:34:04.131   532   580 V BackupManagerService: [UserID:0] restoreAtInstall pkg=com.android.todolist token=1 restoreSet=0
05-30 18:34:04.159  1730  1730 I MediaProvider: Invalidating LocalCallingIdentity cache for package com.android.todolist. Reason: package android.intent.action.PACKAGE_ADDED
05-30 18:34:04.202  1484  1484 I GsaVoiceInteractionSrv: O received Intent { act=android.intent.action.PACKAGE_ADDED dat=package:com.android.todolist flg=0x4000010 (has extras) }
05-30 18:34:04.221   705   705 D AvrcpMediaPlayerList: Name of package changed: com.android.todolist
05-30 18:34:04.252   532  1645 W BroadcastQueue: Background execution not allowed: receiving Intent { act=android.intent.action.PACKAGE_ADDED dat=package:com.android.todolist flg=0x4000010 (has extras) } to com.google.android.packageinstaller/com.android.packageinstaller.PackageInstalledReceiver
05-30 18:34:04.254   532   562 W BroadcastQueue: Background execution not allowed: receiving Intent { act=android.intent.action.PACKAGE_ADDED dat=package:com.android.todolist flg=0x4000010 (has extras) } to com.google.android.gms/.games.chimera.GamesSystemBroadcastReceiverProxy
05-30 18:34:04.254   532   562 W BroadcastQueue: Background execution not allowed: receiving Intent { act=android.intent.action.PACKAGE_ADDED dat=package:com.android.todolist flg=0x4000010 (has extras) } to com.google.android.gms/.gass.chimera.PackageChangeBroadcastReceiver
05-30 18:34:04.254   532   562 W BroadcastQueue: Background execution not allowed: receiving Intent { act=android.intent.action.PACKAGE_ADDED dat=package:com.android.todolist flg=0x4000010 (has extras) } to com.google.android.gms/.chimera.GmsIntentOperationService$PersistentTrustedReceiver
05-30 18:34:04.255   532   562 W BroadcastQueue: Background execution not allowed: receiving Intent { act=android.intent.action.PACKAGE_ADDED dat=package:com.android.todolist flg=0x4000010 (has extras) } to com.google.android.googlequicksearchbox/com.google.android.apps.gsa.googlequicksearchbox.GelStubAppWatcher
05-30 18:34:04.255   532   562 W BroadcastQueue: Background execution not allowed: receiving Intent { act=android.intent.action.PACKAGE_ADDED dat=package:com.android.todolist flg=0x4000010 (has extras) } to com.google.android.ims/.receivers.RcsAutoStartReceiver
05-30 18:34:04.306  1237  3607 W GCM     : Unexpected forwarded intent: Intent { act=android.intent.action.PACKAGE_ADDED dat=package:com.android.todolist flg=0x4000010 cmp=com.google.android.gms/.chimera.PersistentIntentOperationService (has extras) }
05-30 18:34:04.361  1237  4575 W GCM     : Unexpected forwarded intent: Intent { act=android.intent.action.PACKAGE_ADDED dat=package:com.android.todolist flg=0x4000010 cmp=com.google.android.gms/.chimera.PersistentIntentOperationService (has extras) }
05-30 18:34:04.437   532  1573 I ActivityManager: Force stopping com.android.todolist appid=10153 user=0: from pid 4588
05-30 18:34:04.503  1789  4593 I ChromeSync: [Sync,SyncIntentOperation] Handling the intent: Intent { act=android.intent.action.PACKAGE_ADDED dat=package:com.android.todolist flg=0x4000010 cmp=com.google.android.gms/.chimera.GmsIntentOperationService (has extras) }.
05-30 18:34:04.565  1789  4580 I FontsPackageChangeOp: Package com.android.todolist has no metadata
05-30 18:34:04.804  1789  4593 I ChromeSync: [Persistence,AffiliationManager] One of affiliation or grouping data for android://uDjcdlV-buLTWwvPhbwYMMoyK7_tplUDIoTn_w3v2CEI3E4UdTxKo06zGRLCFb7VP_liALMH9mpTs2UzhvWeRg==@com.android.todolist/ was not found. Marking affiliation data as stale...
05-30 18:34:04.851   532   546 I ActivityTaskManager: START u0 {act=android.intent.action.MAIN cat=[android.intent.category.LAUNCHER] flg=0x10000000 cmp=com.android.todolist/.MainActivity} from uid 2000
05-30 18:34:05.213   532   563 I ActivityManager: Start proc 4618:com.android.todolist/u0a153 for pre-top-activity {com.android.todolist/com.android.todolist.MainActivity}
05-30 18:34:07.109   532   561 D ArtManagerInternalImpl: /data/misc/iorapd/com.android.todolist/1/com.android.todolist.MainActivity/compiled_traces/compiled_trace.pb doesn't exist
05-30 18:34:07.142   532   561 I ActivityTaskManager: Displayed com.android.todolist/.MainActivity: +2s215ms
05-30 18:34:09.923   424  4605 I iorapd  : Perfetto TraceBuffer saved to file: /data/misc/iorapd/com.android.todolist/1/com.android.todolist.MainActivity/raw_traces/1622399649921727500.perfetto_trace.pb
05-30 18:34:16.562  1314  1314 I AndroidIME: AbstractIme.onActivate():84 LatinIme.onActivate() : EditorInfo = Package = com.android.todolist : Type = Text : Learning = Enable : Suggestion = Show : AutoCorrection = Enable : Microphone = Show : NoPersonalizedLearning = Disable : AutoStartVoiceInput = Disable, IncognitoMode = false
05-30 18:34:26.525  1314  1314 I AndroidIME: AbstractIme.onActivate():84 LatinIme.onActivate() : EditorInfo = Package = com.android.todolist : Type = Text : Learning = Enable : Suggestion = Show : AutoCorrection = Enable : Microphone = Show : NoPersonalizedLearning = Disable : AutoStartVoiceInput = Disable, IncognitoMode = false
05-30 18:34:26.585  1314  1314 I ConversationToQueryExtension: ConversationToQueryExtension.isEnabledForHostApp():252 Conv2Query not enabled due to current app [com.android.todolist] not in whitelist
05-30 18:34:51.048   532  3175 I ActivityTaskManager: START u0 {act=android.intent.action.MAIN cat=[android.intent.category.LAUNCHER] flg=0x10200000 cmp=com.android.todolist/.MainActivity bnds=[41,1188][241,1488]} from uid 10136
05-30 18:34:51.510   532   561 D ArtManagerInternalImpl: /data/misc/iorapd/com.android.todolist/1/com.android.todolist.MainActivity/compiled_traces/compiled_trace.pb doesn't exist
05-30 18:34:57.357   532   556 I ActivityManager: Killing 4618:com.android.todolist/u0a153 (adj 905): remove task
05-30 18:34:57.406   532   616 I WindowManager: WIN DEATH: Window{c6b3c9e u0 com.android.todolist/com.android.todolist.MainActivity}
05-30 18:34:57.409   532   616 W InputDispatcher: Attempted to unregister already unregistered input channel 'c6b3c9e com.android.todolist/com.android.todolist.MainActivity (server)'
05-30 18:35:01.520   532  1214 I ActivityTaskManager: START u0 {act=android.intent.action.MAIN cat=[android.intent.category.LAUNCHER] flg=0x10200000 cmp=com.android.todolist/.MainActivity bnds=[41,1188][241,1488]} from uid 10136
05-30 18:35:01.580   532   563 I ActivityManager: Start proc 4853:com.android.todolist/u0a153 for pre-top-activity {com.android.todolist/com.android.todolist.MainActivity}
05-30 18:35:02.891   532   561 D ArtManagerInternalImpl: /data/misc/iorapd/com.android.todolist/1/com.android.todolist.MainActivity/compiled_traces/compiled_trace.pb doesn't exist
05-30 18:35:02.894   532   561 I ActivityTaskManager: Displayed com.android.todolist/.MainActivity: +1s363ms
05-30 18:35:04.861   532   616 I ActivityTaskManager: START u0 {cmp=com.android.todolist/.ListActivity (has extras)} from uid 10153
05-30 18:35:05.273   532   561 I ActivityTaskManager: Displayed com.android.todolist/.ListActivity: +409ms
05-30 18:35:06.539   424  4849 I iorapd  : Perfetto TraceBuffer saved to file: /data/misc/iorapd/com.android.todolist/1/com.android.todolist.MainActivity/raw_traces/1622399706539178600.perfetto_trace.pb
05-30 18:35:06.685   532  2017 I ActivityTaskManager: START u0 {cmp=com.android.todolist/.MainActivity} from uid 10153
05-30 18:35:07.016   532   561 I ActivityTaskManager: Displayed com.android.todolist/.MainActivity: +327ms
05-30 18:35:07.055   532  1573 W NotificationService: Toast already killed. pkg=com.android.todolist token=android.os.BinderProxy@e413d72
05-30 18:35:07.537   532  1519 I ActivityTaskManager: START u0 {cmp=com.android.todolist/.ListActivity (has extras)} from uid 10153
05-30 18:35:07.799   532   561 I ActivityTaskManager: Displayed com.android.todolist/.ListActivity: +258ms
05-30 18:35:09.553   532  1519 W NotificationService: Toast already killed. pkg=com.android.todolist token=android.os.BinderProxy@e16cb00
05-30 18:35:12.603   532  1519 I ActivityTaskManager: START u0 {cmp=com.android.todolist/.MainActivity} from uid 10153
05-30 18:35:12.920   532   561 I ActivityTaskManager: Displayed com.android.todolist/.MainActivity: +313ms
05-30 18:35:16.128   532  3310 I ActivityTaskManager: START u0 {cmp=com.android.todolist/.ListActivity (has extras)} from uid 10153
05-30 18:35:16.343   532   561 I ActivityTaskManager: Displayed com.android.todolist/.ListActivity: +214ms
05-30 18:35:18.138   532  2017 W NotificationService: Toast already killed. pkg=com.android.todolist token=android.os.BinderProxy@6e8ad49
05-30 18:35:23.683   532  1214 I ActivityTaskManager: START u0 {cmp=com.android.todolist/.MainActivity} from uid 10153
05-30 18:35:24.125   532   561 I ActivityTaskManager: Displayed com.android.todolist/.MainActivity: +440ms
05-30 20:11:05.539   532  3393 I ActivityManager: Force stopping com.android.todolist appid=10153 user=0: from pid 5501
05-30 20:11:05.540   532  3393 I ActivityManager: Killing 4853:com.android.todolist/u0a153 (adj 0): stop com.android.todolist due to from pid 5501
05-30 20:11:05.549   532  3393 W ActivityTaskManager: Force removing ActivityRecord{e6042c8 u0 com.android.todolist/.MainActivity t7 f}}: app died, no saved state
05-30 20:11:05.618   532  3393 W ActivityTaskManager: Force removing ActivityRecord{dcb235c u0 com.android.todolist/.MainActivity t7 f}}: app died, no saved state
05-30 20:11:05.618   532  3393 W InputDispatcher: Attempted to unregister already unregistered input channel '987b7eb com.android.todolist/com.android.todolist.MainActivity (server)'
05-30 20:11:05.623   532  3393 W ActivityTaskManager: Force removing ActivityRecord{707daf8 u0 com.android.todolist/.MainActivity t7 f}}: app died, no saved state
05-30 20:11:05.624   532  3393 W InputDispatcher: Attempted to unregister already unregistered input channel 'f781937 com.android.todolist/com.android.todolist.MainActivity (server)'
05-30 20:11:05.627   532  3393 W ActivityTaskManager: Force removing ActivityRecord{f830fc1 u0 com.android.todolist/.MainActivity t7 f}}: app died, no saved state
05-30 20:11:05.627   532  3393 W InputDispatcher: Attempted to unregister already unregistered input channel 'e4a7d7f com.android.todolist/com.android.todolist.MainActivity (server)'
05-30 20:11:06.472  5511  5511 E studio.deploy: Unable to startup install-server, output: 'run-as: exec failed for /data/data/com.android.todolist/code_cache/install_server-e4ee8c59: No such file or directory
05-30 20:11:06.527  5518  5518 W run-as  : type=1400 audit(0.0:8): avc: granted { execute } for name="install_server-e4ee8c59" dev="dm-5" ino=131620 scontext=u:r:runas_app:s0:c153,c256,c512,c768 tcontext=u:object_r:app_data_file:s0:c153,c256,c512,c768 tclass=file app=com.android.todolist
05-30 20:11:06.531  5518  5518 W install_server-: type=1400 audit(0.0:9): avc: granted { execute } for path="/data/data/com.android.todolist/code_cache/install_server-e4ee8c59" dev="dm-5" ino=131620 scontext=u:r:runas_app:s0:c153,c256,c512,c768 tcontext=u:object_r:app_data_file:s0:c153,c256,c512,c768 tclass=file app=com.android.todolist
05-30 20:11:06.684   532  3393 I ActivityManager: Force stopping com.android.todolist appid=10153 user=0: from pid 5524
05-30 20:11:06.827   532  2018 I ActivityTaskManager: START u0 {act=android.intent.action.MAIN cat=[android.intent.category.LAUNCHER] flg=0x10000000 cmp=com.android.todolist/.MainActivity} from uid 2000
05-30 20:11:06.946   532   563 I ActivityManager: Start proc 5534:com.android.todolist/u0a153 for top-activity {com.android.todolist/com.android.todolist.MainActivity}
05-30 20:11:07.611  5534  5534 W re-initialized>: type=1400 audit(0.0:10): avc: granted { execute } for path="/data/user/0/com.android.todolist/code_cache/startup_agents/e4ee8c59-agent.so" dev="dm-5" ino=131799 scontext=u:r:untrusted_app_27:s0:c153,c256,c512,c768 tcontext=u:object_r:app_data_file:s0:c153,c256,c512,c768 tclass=file app=com.android.todolist
05-30 20:11:07.628  5534  5534 W ndroid.todolis: DexFile /data/data/com.android.todolist/code_cache/.studio/instruments-08048b20.jar is in boot class path but is not in a known location
05-30 20:11:07.630  5534  5534 I studio.deploy: Could not open file at '/data/data/com.android.todolist/code_cache/.studio/instruments-08048b20.jar.cache/java-lang-Thread': No such file or directory
05-30 20:11:07.927   532   556 W ActivityTaskManager: Activity top resumed state loss timeout for ActivityRecord{190a599 u0 com.android.todolist/.MainActivity t8}
05-30 20:11:07.927   532   556 W ActivityTaskManager: Activity pause timeout for ActivityRecord{190a599 u0 com.android.todolist/.MainActivity t8}
05-30 20:11:09.230  5534  5534 I chatty  : uid=10153(com.android.todolist) identical 1 line
05-30 20:11:09.238  5534  5534 I chatty  : uid=10153(com.android.todolist) identical 1 line
05-30 20:11:09.240  5534  5534 I chatty  : uid=10153(com.android.todolist) identical 5 lines
05-30 20:11:09.242  5534  5534 I chatty  : uid=10153(com.android.todolist) identical 1 line
05-30 20:11:09.243  5534  5534 I chatty  : uid=10153(com.android.todolist) identical 1 line
05-31 12:54:12.336   532  2018 I ActivityManager: Force stopping com.android.todolist appid=10153 user=0: from pid 5611
05-31 12:54:12.341   532  2018 I ActivityManager: Killing 5534:com.android.todolist/u0a153 (adj 0): stop com.android.todolist due to from pid 5611
05-31 12:54:12.356   532  2018 W ActivityTaskManager: Force removing ActivityRecord{190a599 u0 com.android.todolist/.MainActivity t8 f}}: app died, no saved state
05-31 12:54:13.270  5623  5623 W run-as  : type=1400 audit(0.0:11): avc: granted { execute } for name="install_server-e4ee8c59" dev="dm-5" ino=131620 scontext=u:r:runas_app:s0:c153,c256,c512,c768 tcontext=u:object_r:app_data_file:s0:c153,c256,c512,c768 tclass=file app=com.android.todolist
05-31 12:54:13.270  5623  5623 W install_server-: type=1400 audit(0.0:12): avc: granted { execute } for path="/data/data/com.android.todolist/code_cache/install_server-e4ee8c59" dev="dm-5" ino=131620 scontext=u:r:runas_app:s0:c153,c256,c512,c768 tcontext=u:object_r:app_data_file:s0:c153,c256,c512,c768 tclass=file app=com.android.todolist
05-31 12:54:13.408   532  1574 I ActivityManager: Force stopping com.android.todolist appid=10153 user=0: from pid 5626
05-31 12:54:13.545   532  2019 I ActivityTaskManager: START u0 {act=android.intent.action.MAIN cat=[android.intent.category.LAUNCHER] flg=0x10000000 cmp=com.android.todolist/.MainActivity} from uid 2000
05-31 12:54:13.847   532   563 I ActivityManager: Start proc 5640:com.android.todolist/u0a153 for top-activity {com.android.todolist/com.android.todolist.MainActivity}
05-31 12:54:14.642  5640  5640 W re-initialized>: type=1400 audit(0.0:13): avc: granted { execute } for path="/data/user/0/com.android.todolist/code_cache/startup_agents/e4ee8c59-agent.so" dev="dm-5" ino=131799 scontext=u:r:untrusted_app_27:s0:c153,c256,c512,c768 tcontext=u:object_r:app_data_file:s0:c153,c256,c512,c768 tclass=file app=com.android.todolist
05-31 12:54:14.673  5640  5640 W ndroid.todolis: DexFile /data/data/com.android.todolist/code_cache/.studio/instruments-08048b20.jar is in boot class path but is not in a known location
05-31 12:54:14.804  5640  5640 I chatty  : uid=10153(com.android.todolist) identical 1 line
05-31 12:54:14.813  5640  5640 I chatty  : uid=10153(com.android.todolist) identical 1 line
05-31 12:54:14.815  5640  5640 I chatty  : uid=10153(com.android.todolist) identical 5 lines
05-31 12:54:14.817  5640  5640 I chatty  : uid=10153(com.android.todolist) identical 1 line
05-31 12:54:14.819  5640  5640 I chatty  : uid=10153(com.android.todolist) identical 1 line
05-31 12:54:14.9